ERC report (2025-11-29T21:39:58-0800, Encoding UTF8)

***** Sheet /
[pin_to_pin]: Pins of type Power output and Power output are connected
    ; error
    @(3550 mils, 7400 mils): Symbol U6 Pin 1 [OUT, Power output, Line]
    @(3550 mils, 7500 mils): Symbol U6 Pin 1_1 [OUT__1, Power output, Line]
[pin_to_pin]: Pins of type Power output and Power output are connected
    ; error
    @(3550 mils, 7500 mils): Symbol U6 Pin 1_1 [OUT__1, Power output, Line]
    @(3550 mils, 7600 mils): Symbol U6 Pin 8 [OUT__2, Power output, Line]
[pin_to_pin]: Pins of type Power output and Power output are connected
    ; error
    @(3550 mils, 7600 mils): Symbol U6 Pin 8 [OUT__2, Power output, Line]
    @(3550 mils, 7700 mils): Symbol U6 Pin 8_1 [OUT__3, Power output, Line]
[pin_to_pin]: Pins of type Power output and Power output are connected
    ; error
    @(4600 mils, 7400 mils): Symbol #FLG03 Pin 1 [Power output, Line]
    @(3550 mils, 7400 mils): Symbol U6 Pin 1 [OUT, Power output, Line]
[pin_to_pin]: Pins of type Output and Power output are connected
    ; error
    @(3550 mils, 8100 mils): Symbol U6 Pin 9 [ST, Output, Line]
    @(11800 mils, 4700 mils): Symbol U4 Pin 4 [GND, Power output, Line]
[power_pin_not_driven]: Input Power pin not driven by any Output Power pins
    ; error
    @(9900 mils, 3700 mils): Symbol #PWR028 Pin 1 [Power input, Line]

 ** ERC messages: 6  Errors 6  Warnings 0
